A => B => C => D => E
C => D => H
E => D => H => Y
F => B => C => D
A => A
