C => D => H => G
G => F => B => C
B => C => D => H
H => G => F => B
