A => B => C => D => H
H => D => C => B => A
F => B => C => D => E
E => D => C => B => F
Y => H => D => C
