H => H
F => G => H => Y
E => D => H => G
B => F => G
