2
2
2
86
2
4
2
2
2
2
2
2
2
2
2
2
2
2
2
2
2
7
2
2
2
2
2
2
2
2
2
2
2
2
2
2
4
10
2
5
2
2
2
2
2
2
2
102
2
10
2
2
5
2
2
5
2
2
23
2
2
12
6
2
8
2
2
3
2
4
4
2
3
6
2
2
2
2
2
2
5
2
2
2
2
2
2
2
2
2
2
2
2
2
2
2
2
2
2
2
