7
2
3
2
2
2
2
2
2
3
2
2
20
2
2
3
2
2
2
6
2
2
2
4
6
2
2
2
2
2
2
2
2
2
4
12
2
2
2
2
3
2
2
2
3
2
2
2
2
2
2
2
2
5
2
2
2
2
2
2
2
2
2
2
2
2
2
2
2
2
2
2
2
2
2
2
10
2
2
2
2
5
2
2
2
2
2
2
2
2
4
2
4
2
2
2
17
2
2
2
