3
2
2
2
2
2
2
2
2
2
2
2
3
6
3
3
5
2
2
26
2
2
2
8
2
2
2
6
2
2
2
2
2
2
2
2
2
2
2
3
2
2
2
2
4
2
2
2
2
2
3
36
2
20
2
2
2
2
2
2
2
2
2
2
2
2
2
2
2
2
4
2
2
2
4
2
2
6
2
2
2
14
2
34
2
2
2
2
2
2
2
4
2
3
2
4
2
2
5
2
