2
2
25
2
2
4
2
2
2
3
2
4
80
2
2
2
2
3
2
6
2
3
2
2
2
2
2
15
2
2
2
2
12
2
20
2
2
2
3
6
2
2
2
14
2
7
2
3
2
2
2
2
2
2
2
2
2
5
2
2
2
2
2
13
2
8
2
2
2
2
2
2
13
7
2
2
3
2
2
5
2
2
3
2
2
2
2
2
2
18
4
4
4
2
2
2
4
2
4
2
