7
3
4
2
2
7
2
5
2
2
2
2
2
5
2
2
2
2
2
3
4
2
2
36
2
2
4
2
2
2
2
2
2
2
2
2
2
2
2
2
2
2
127
2
2
47
2
5
2
2
2
2
2
2
2
2
6
4
3
2
6
2
2
2
3
2
2
2
2
2
36
2
2
29
2
2
2
4
4
2
2
2
2
2
4
2
6
2
623
2
2
2
2
2
2
2
2
2
2
3
