418597 4950
54937 1980
65069 4950
77003 9900
76717 1650
