441802613 999000
168128749 333000
146755453 499500
59158217 83250
8675257 9250
86556143 249750
121660123 199800
2122208 2775
85026371 166500
28182221 33300
69545021 166500
497790401 499500
298152247 999000
131917867 199800
23508079 166500
168364379 333000
28982179 111000
80596967 124875
909619154 1249875
102931022 124875
98230121 333000
253462267 999000
288850237 499500
36870553 333000
238846831 499500
235021811 333000
114501757 166500
663536251 999000
13029349 99900
239831989 249750
336371897 999000
56144611 111000
131700571 249750
177385019 249750
11818433 33300
17988509 41625
80504867 249750
65166161 249750
15505414 124875
866318783 999000
157507733 999000
23642107 37000
365270093 999000
307911529 333000
437213909 999000
106126216 124875
299035183 999000
421906937 999000
178283321 249750
13970291 18500
697049449 999000
696291391 999000
99108443 166500
11872189 111000
11697611 83250
116098607 124875
30057929 37000
175789577 999000
118340017 333000
