41744689 55500
22122799 199800
48533573 99900
216400117 249750
95554931 111000
89476463 249750
364987837 999000
53498129 99900
135237571 249750
463138207 499500
33645309 37000
11370993 18500
772741 3996
211728457 249750
8321291 22200
622540297 999000
10069019 55500
34381471 49950
487581989 499500
