333346981 499500
15610079 39960
6442157 9990
81894239 124875
20883259 83250
194262103 199800
212308369 333000
834010759 999000
39304451 199800
78475859 166500
192682949 499500
72020189 99900
67243019 249750
809298269 999000
1023422 1125
229946269 499500
10002643 24975
430148389 499500
29057653 55500
165175771 999000
82880837 499500
271097827 333000
245238457 499500
83475277 199800
15868021 66600
9678748 24975
72714799 199800
423805009 999000
1553687 3330
12883343 24975
726487477 999000
2098899223 9990000
24234161 166500
