968185207 999000
151283723 333000
220584817 333000
661319809 999000
26340211 49950
63379031 66600
893975647 999000
403257287 999000
70243847 499500
65929267 111000
405851053 499500
224644367 499500
5604037 24975
959379317 999000
199274627 999000
135984791 999000
8697973 22200
469946167 999000
304076147 333000
81885887 199800
72567151 99900
29507029 249750
101024773 333000
683036651 999000
29759639 41625
12209861 55500
57744931 249750
169382351 249750
3208844 4625
513200881 999000
306597277 499500
217336937 249750
392913301 999000
185032123 499500
264700777 333000
1314122 4625
24024488 24975
82040627 333000
178467787 999000
42019387 199800
773489323 999000
272648023 999000
231191869 499500
49931963 49950
222634789 499500
3201337 9990
2163707 3700
76866349 124875
173582633 199800
1604393 13875
65459033 199800
